
> tp_archi@1.0.0 test:int
> jest --config jest.config.int.ts

PASS src/webinars/adapters/webinar-repository.prisma.int.test.ts (17.402 s)
PASS src/webinars/adapters/organize-webinar.int.test.ts (8.77 s)
PASS src/api.e2e.test.ts (19.885 s)

Test Suites: 3 passed, 3 total
Tests:       8 passed, 8 total
Snapshots:   0 total
Time:        46.226 s
Ran all test suites.
